../Core/Src/main.c:92:5:main	8	static
../Core/Src/main.c:201:6:SystemClock_Config	88	static
../Core/Src/main.c:242:13:MX_TIM1_Init	40	static
../Core/Src/main.c:289:13:MX_GPIO_Init	48	static
../Core/Src/main.c:328:6:ring_det_isr	16	static
../Core/Src/main.c:346:6:pick_up_det_isr	8	static
../Core/Src/main.c:355:6:signal_read_isr	8	static
../Core/Src/main.c:367:6:HAL_GPIO_EXTI_Falling_Callback	16	static
../Core/Src/main.c:385:6:HAL_GPIO_EXTI_Rising_Callback	16	static
../Core/Src/main.c:403:6:HAL_TIM_PeriodElapsedCallback	24	static
../Core/Src/main.c:431:13:USER_GPIO_Init	48	static
../Core/Src/main.c:497:6:Error_Handler	8	static,ignoring_inline_asm
